// Jest Snapshot v1, https://goo.gl/fbAQLP

exports[`Product renders correctly 1`] = `
<li
  className="flex flex-col border border-slate-200 shadow-md cursor-pointer hover:opacity-95"
  onClick={[Function]}
>
  <div
    className="h-220px bg-orange-50"
  >
    <img
      alt="Test Product_image"
      className="w-180px min-w-180px p-2 h-full object-cover m-auto rounded hover:scale-y-105 ease-in duration-300"
      src="http://example.com/test.jpg"
    />
  </div>
  <div
    className="px-2 pt-1 flex justify-between min-w-fit"
  >
    <p
      className=""
    >
      Test Product
    </p>
    <p
      className="text-right"
    >
      â‚©1,000
    </p>
  </div>
  <p
    className="mx-2 pb-1 text-zinc-400 text-sm flex-1"
  >
    Test Category
  </p>
</li>
`;
